[14:31:17] [Server thread/INFO]: Starting minecraft server version 1.8
[14:31:17] [Server thread/INFO]: Loading properties
[14:31:17] [Server thread/INFO]: Default game type: SURVIVAL
[14:31:17] [Server thread/INFO]: Generating keypair
[14:31:18] [Server thread/INFO]: Starting Minecraft server on *:25565
[14:31:18] [Server thread/INFO]: This server is running CraftBukkit version git-Bukkit-7019900e2 (MC: 1.8) (Implementing API version 1.8-R0.1-SNAPSHOT)
[14:31:18] [Server thread/WARN]: **** SERVER IS RUNNING IN OFFLINE/INSECURE MODE!
[14:31:18] [Server thread/WARN]: The server will make no attempt to authenticate usernames. Beware.
[14:31:18] [Server thread/WARN]: While this makes the game possible to play without internet access, it also opens up the ability for hackers to connect with any username they choose.
[14:31:18] [Server thread/WARN]: To change this, set "online-mode" to "true" in the server.properties file.
[14:31:18] [Server thread/INFO]: Preparing level "world"
[14:31:18] [Server thread/INFO]: Preparing start region for level 0 (Seed: 8184769299553114526)
[14:31:20] [Server thread/INFO]: Preparing spawn area: 0%
[14:31:21] [Server thread/INFO]: Preparing spawn area: 0%
[14:31:22] [Server thread/INFO]: Preparing spawn area: 57%
[14:31:23] [Server thread/INFO]: Preparing start region for level 1 (Seed: 8184769299553114526)
[14:31:24] [Server thread/INFO]: Preparing spawn area: 0%
[14:31:25] [Server thread/INFO]: Preparing spawn area: 2%
[14:31:27] [Server thread/INFO]: Preparing spawn area: 48%
[14:31:28] [Server thread/INFO]: Preparing spawn area: 50%
[14:31:29] [Server thread/INFO]: Preparing start region for level 2 (Seed: 8184769299553114526)
[14:31:30] [Server thread/INFO]: Preparing spawn area: 0%
[14:31:32] [Server thread/INFO]: Preparing spawn area: 2%
[14:31:34] [Server thread/INFO]: Preparing spawn area: 48%
[14:31:35] [Server thread/INFO]: Preparing spawn area: 50%
[14:31:36] [Server thread/INFO]: Server permissions file permissions.yml is empty, ignoring it
[14:31:36] [Server thread/INFO]: Done (17.507s)! For help, type "help" or "?"
[14:31:57] [Thread-4/INFO]: Stopping server
