[15:45:43] [main/INFO]: Using mbed TLS based native cipher.
[15:45:43] [main/INFO]: Using zlib based native compressor.
[15:45:43] [main/INFO]: Enabled Waterfall version git:Waterfall-Bootstrap:1.21-R0.4-SNAPSHOT:d7f3bfd:598
[15:45:43] [main/WARN]: Waterfall has reached end of life and is no longer maintained. We recommend you transition to Velocity (https://papermc.io/software/velocity). For more information, see the announcement (https://forums.papermc.io/threads/1088/).
[15:45:43] [main/INFO]: Not on Windows, attempting to use enhanced EpollEventLoop
[15:45:43] [main/INFO]: Epoll is working, utilising it!
[15:45:43] [main/INFO]: Discovered module: ModuleSpec(name=cmd_alert, file=modules/cmd_alert.jar, provider=JenkinsModuleSource())
[15:45:43] [main/INFO]: Discovered module: ModuleSpec(name=cmd_find, file=modules/cmd_find.jar, provider=JenkinsModuleSource())
[15:45:43] [main/INFO]: Discovered module: ModuleSpec(name=cmd_list, file=modules/cmd_list.jar, provider=JenkinsModuleSource())
[15:45:43] [main/INFO]: Discovered module: ModuleSpec(name=cmd_send, file=modules/cmd_send.jar, provider=JenkinsModuleSource())
[15:45:43] [main/INFO]: Discovered module: ModuleSpec(name=cmd_server, file=modules/cmd_server.jar, provider=JenkinsModuleSource())
[15:45:43] [main/INFO]: Discovered module: ModuleSpec(name=reconnect_yaml, file=modules/reconnect_yaml.jar, provider=JenkinsModuleSource())
[15:45:43] [main/INFO]: Attempting to update plugin from null to ModuleVersion(build=598, git=d7f3bfd)
[15:45:43] [main/INFO]: Attempting to Jenkins download module cmd_alert v598
[15:45:44] [main/INFO]: Download complete
[15:45:44] [main/INFO]: Attempting to update plugin from null to ModuleVersion(build=598, git=d7f3bfd)
[15:45:44] [main/INFO]: Attempting to Jenkins download module cmd_find v598
[15:45:44] [main/INFO]: Download complete
[15:45:44] [main/INFO]: Attempting to update plugin from null to ModuleVersion(build=598, git=d7f3bfd)
[15:45:44] [main/INFO]: Attempting to Jenkins download module cmd_list v598
[15:45:44] [main/INFO]: Download complete
[15:45:44] [main/INFO]: Attempting to update plugin from null to ModuleVersion(build=598, git=d7f3bfd)
[15:45:44] [main/INFO]: Attempting to Jenkins download module cmd_send v598
[15:45:44] [main/INFO]: Download complete
[15:45:44] [main/INFO]: Attempting to update plugin from null to ModuleVersion(build=598, git=d7f3bfd)
[15:45:44] [main/INFO]: Attempting to Jenkins download module cmd_server v598
[15:45:44] [main/INFO]: Download complete
[15:45:44] [main/INFO]: Attempting to update plugin from null to ModuleVersion(build=598, git=d7f3bfd)
[15:45:44] [main/INFO]: Attempting to Jenkins download module reconnect_yaml v598
[15:45:45] [main/INFO]: Download complete
[15:45:45] [main/INFO]: Loaded plugin reconnect_yaml version git:reconnect_yaml:1.21-R0.4-SNAPSHOT:d7f3bfd:598 by WaterfallMC
[15:45:45] [main/INFO]: Loaded plugin cmd_find version git:cmd_find:1.21-R0.4-SNAPSHOT:d7f3bfd:598 by WaterfallMC
[15:45:45] [main/INFO]: Loaded plugin cmd_server version git:cmd_server:1.21-R0.4-SNAPSHOT:d7f3bfd:598 by WaterfallMC
[15:45:45] [main/INFO]: Loaded plugin cmd_alert version git:cmd_alert:1.21-R0.4-SNAPSHOT:d7f3bfd:598 by WaterfallMC
[15:45:45] [main/INFO]: Loaded plugin cmd_send version git:cmd_send:1.21-R0.4-SNAPSHOT:d7f3bfd:598 by WaterfallMC
[15:45:45] [main/INFO]: Loaded plugin cmd_list version git:cmd_list:1.21-R0.4-SNAPSHOT:d7f3bfd:598 by WaterfallMC
[15:45:45] [main/WARN]: Forced host server pvp is not defined
[15:45:45] [main/INFO]: Enabled plugin reconnect_yaml version git:reconnect_yaml:1.21-R0.4-SNAPSHOT:d7f3bfd:598 by WaterfallMC
[15:45:45] [main/INFO]: Enabled plugin cmd_find version git:cmd_find:1.21-R0.4-SNAPSHOT:d7f3bfd:598 by WaterfallMC
[15:45:45] [main/INFO]: Enabled plugin cmd_server version git:cmd_server:1.21-R0.4-SNAPSHOT:d7f3bfd:598 by WaterfallMC
[15:45:45] [main/INFO]: Enabled plugin cmd_alert version git:cmd_alert:1.21-R0.4-SNAPSHOT:d7f3bfd:598 by WaterfallMC
[15:45:45] [main/INFO]: Enabled plugin cmd_send version git:cmd_send:1.21-R0.4-SNAPSHOT:d7f3bfd:598 by WaterfallMC
[15:45:45] [main/INFO]: Enabled plugin cmd_list version git:cmd_list:1.21-R0.4-SNAPSHOT:d7f3bfd:598 by WaterfallMC
[15:45:45] [Netty Boss IO Thread #0/INFO]: Listening on /0.0.0.0:25577
[15:45:48] [Netty Worker IO Thread #0/INFO]: [/[0:0:0:0:0:0:0:1]:34508] <-> InitialHandler has pinged
[15:46:18] [Netty Worker IO Thread #1/INFO]: [/[0:0:0:0:0:0:0:1]:52396] <-> InitialHandler has pinged
[15:46:48] [Netty Worker IO Thread #2/INFO]: [/[0:0:0:0:0:0:0:1]:54484] <-> InitialHandler has pinged
[15:47:19] [Netty Worker IO Thread #3/INFO]: [/[0:0:0:0:0:0:0:1]:43870] <-> InitialHandler has pinged
[15:47:49] [Netty Worker IO Thread #4/INFO]: [/[0:0:0:0:0:0:0:1]:52436] <-> InitialHandler has pinged
[15:48:19] [Netty Worker IO Thread #5/INFO]: [/[0:0:0:0:0:0:0:1]:52036] <-> InitialHandler has pinged
[15:48:49] [Netty Worker IO Thread #6/INFO]: [/[0:0:0:0:0:0:0:1]:54874] <-> InitialHandler has pinged
[15:49:19] [Netty Worker IO Thread #7/INFO]: [/[0:0:0:0:0:0:0:1]:33804] <-> InitialHandler has pinged
[15:49:49] [Netty Worker IO Thread #8/INFO]: [/[0:0:0:0:0:0:0:1]:38730] <-> InitialHandler has pinged
[15:50:19] [Netty Worker IO Thread #9/INFO]: [/[0:0:0:0:0:0:0:1]:60708] <-> InitialHandler has pinged
[15:50:49] [Netty Worker IO Thread #10/INFO]: [/[0:0:0:0:0:0:0:1]:38774] <-> InitialHandler has pinged
[15:51:19] [Netty Worker IO Thread #11/INFO]: [/[0:0:0:0:0:0:0:1]:47424] <-> InitialHandler has pinged
[15:51:50] [Netty Worker IO Thread #12/INFO]: [/[0:0:0:0:0:0:0:1]:55968] <-> InitialHandler has pinged
[15:52:20] [Netty Worker IO Thread #13/INFO]: [/[0:0:0:0:0:0:0:1]:46104] <-> InitialHandler has pinged
[15:52:50] [Netty Worker IO Thread #14/INFO]: [/[0:0:0:0:0:0:0:1]:37406] <-> InitialHandler has pinged
[15:53:20] [Netty Worker IO Thread #15/INFO]: [/[0:0:0:0:0:0:0:1]:57122] <-> InitialHandler has pinged
[15:53:50] [Netty Worker IO Thread #16/INFO]: [/[0:0:0:0:0:0:0:1]:48332] <-> InitialHandler has pinged
[15:54:20] [Netty Worker IO Thread #17/INFO]: [/[0:0:0:0:0:0:0:1]:39946] <-> InitialHandler has pinged
[15:54:50] [Netty Worker IO Thread #18/INFO]: [/[0:0:0:0:0:0:0:1]:47890] <-> InitialHandler has pinged
[15:55:20] [Netty Worker IO Thread #19/INFO]: [/[0:0:0:0:0:0:0:1]:50430] <-> InitialHandler has pinged
[15:55:50] [Netty Worker IO Thread #20/INFO]: [/[0:0:0:0:0:0:0:1]:52308] <-> InitialHandler has pinged
[15:56:21] [Netty Worker IO Thread #21/INFO]: [/[0:0:0:0:0:0:0:1]:36458] <-> InitialHandler has pinged
[15:56:51] [Netty Worker IO Thread #22/INFO]: [/[0:0:0:0:0:0:0:1]:58064] <-> InitialHandler has pinged
[15:57:21] [Netty Worker IO Thread #23/INFO]: [/[0:0:0:0:0:0:0:1]:34152] <-> InitialHandler has pinged
[15:57:51] [Netty Worker IO Thread #0/INFO]: [/[0:0:0:0:0:0:0:1]:58242] <-> InitialHandler has pinged
[15:58:21] [Netty Worker IO Thread #1/INFO]: [/[0:0:0:0:0:0:0:1]:40018] <-> InitialHandler has pinged
[15:58:51] [Netty Worker IO Thread #2/INFO]: [/[0:0:0:0:0:0:0:1]:36566] <-> InitialHandler has pinged
[15:59:21] [Netty Worker IO Thread #3/INFO]: [/[0:0:0:0:0:0:0:1]:37190] <-> InitialHandler has pinged
[15:59:51] [Netty Worker IO Thread #4/INFO]: [/[0:0:0:0:0:0:0:1]:60776] <-> InitialHandler has pinged
[16:00:21] [Netty Worker IO Thread #5/INFO]: [/[0:0:0:0:0:0:0:1]:43568] <-> InitialHandler has pinged
[16:00:51] [Netty Worker IO Thread #6/INFO]: [/[0:0:0:0:0:0:0:1]:58380] <-> InitialHandler has pinged
[16:01:21] [Netty Worker IO Thread #7/INFO]: [/[0:0:0:0:0:0:0:1]:36190] <-> InitialHandler has pinged
[16:01:52] [Netty Worker IO Thread #8/INFO]: [/[0:0:0:0:0:0:0:1]:56416] <-> InitialHandler has pinged
[16:02:22] [Netty Worker IO Thread #9/INFO]: [/[0:0:0:0:0:0:0:1]:50966] <-> InitialHandler has pinged
[16:02:52] [Netty Worker IO Thread #10/INFO]: [/[0:0:0:0:0:0:0:1]:46458] <-> InitialHandler has pinged
[16:03:22] [Netty Worker IO Thread #11/INFO]: [/[0:0:0:0:0:0:0:1]:42686] <-> InitialHandler has pinged
[16:03:52] [Netty Worker IO Thread #12/INFO]: [/[0:0:0:0:0:0:0:1]:55374] <-> InitialHandler has pinged
[16:04:22] [Netty Worker IO Thread #13/INFO]: [/[0:0:0:0:0:0:0:1]:37912] <-> InitialHandler has pinged
[16:04:52] [Netty Worker IO Thread #14/INFO]: [/[0:0:0:0:0:0:0:1]:57462] <-> InitialHandler has pinged
[16:05:22] [Netty Worker IO Thread #15/INFO]: [/[0:0:0:0:0:0:0:1]:57938] <-> InitialHandler has pinged
